@HWI-ST1347:40:D18LNACXX:7:1101:14865:4731 1:N:0:ATNACG 0 3'_trimmed: 101 0 filtered

+

@HWI-ST1347:40:D18LNACXX:7:1101:16901:21786 1:N:0:ATNACG 0 3'_trimmed: 101 0 filtered

+

@HWI-ST1347:40:D18LNACXX:7:1101:18023:7205 1:N:0:ATNACG 0 3'_trimmed: 39 Multiplexing_Index_Read_Sequencing_Primer_5' 3'_trimmed: 60

+
B?@DFFFFHHHHGIJJJJJIGIJJHIIIJJIIHIDGHIIJJGFHIJJIFHIIHIIFIIIEHE
@test P5_PCR_primer_flowcell_capture_site_5' 3'_trimmed: 74 filtered

+

