@HWI-ST1350:31:C1427ACXX:6:1101:9783:2489 1:N:0:CAGATC Multiplexing_Index_Read_Sequencing_Primer_5' 3'_trimmed: 7
CACGAGCCATTGAGTCTCGCCTGAACATTCACTGCAATAAGGTCGCGCAGACGCGCCTTATTCCACTGCGTGAGCTTGAGCGTATCTGCAGGAA
+
CCCFFFFFHHHHHJHIJJJJJJJJJJJJJJJIJJIIJJJJJJGHIJJJJJJHHFDDDDDDDEEEEDDDDDBDDDCDDDDDDD@DDDEEDDDDBD
